Microchip MPLAB XC8 Compiler V2.41

Linker command line:

-W-3 \
  --edf=C:/Program Files/Microchip/MPLABX/v6.15/packs/Microchip/PIC18Fxxxx_DFP/1.4.151/xc8\pic\dat\20230323171731_en.msgs \
  -cn -h+dist/default/debug\Project_One.debug.sym \
  --cmf=dist/default/debug\Project_One.debug.cmf -z -Q18F4620 \
  -oC:\Users\DELL\AppData\Local\Temp\xcAs8hg.\driver_tmp_3.o \
  --defsym=__MPLAB_BUILD=1 --fixupoverflow=error \
  -Mdist/default/debug/Project_One.debug.map \
  --md=C:\Users\DELL\AppData\Local\Temp\xcAs8hg.\driver_tmp_0.dat -E1 \
  -ver=XC8 Compiler --acfsm=1493 -ACODE=00h-0FFFFh -ACONST=00h-0FFFFh \
  -ASMALLCONST=01000h-010FFhx240 -AMEDIUMCONST=01000h-0FFFFh \
  -ACOMRAM=01h-07Fh -AABS1=00h-0F7Fh -ABIGRAM=01h-0F7Fh \
  -ARAM=080h-0FFh,0100h-01FFhx14,0F00h-0F7Fh -ABANK0=080h-0FFh \
  -ABANK1=0100h-01FFh -ABANK2=0200h-02FFh -ABANK3=0300h-03FFh \
  -ABANK4=0400h-04FFh -ABANK5=0500h-05FFh -ABANK6=0600h-06FFh \
  -ABANK7=0700h-07FFh -ABANK8=0800h-08FFh -ABANK9=0900h-09FFh \
  -ABANK10=0A00h-0AFFh -ABANK11=0B00h-0BFFh -ABANK12=0C00h-0CFFh \
  -ABANK13=0D00h-0DFFh -ABANK14=0E00h-0EFFh -ABANK15=0F00h-0F7Fh \
  -ASFR=0F80h-0FFFh -ABIGSFR=0F80h-0FFFh -ACONFIG=0300000h-030000Dh \
  -AIDLOC=0200000h-0200007h -AEEDATA=0F00000h-0F003FFh -peeprom_data=EEDATA \
  -preset_vec=00h,intcode=08h,intcodelo,powerup,init -pramtop=01000h \
  -psmallconst=SMALLCONST -pmediumconst=MEDIUMCONST -pconst=CONST \
  -AFARRAM=00h-00h \
  -prdata=COMRAM,nvrram=COMRAM,nvbit=COMRAM,rbss=COMRAM,rbit=COMRAM \
  -pfarbss=FARRAM,fardata=FARRAM,nvFARRAM=FARRAM \
  -pintsave_regs=BIGRAM,bigbss=BIGRAM,bigdata=BIGRAM -pbss=RAM \
  -pidata=CODE,irdata=CODE,ibigdata=CODE,ifardata=CODE -prparam=COMRAM \
  C:\Users\DELL\AppData\Local\Temp\xcAs8hg.\driver_tmp_9.o \
  dist/default/debug\Project_One.debug.o 

Object code version is 3.11

Machine type is 18F4620



                Name                               Link     Load   Length Selector   Space Scale
C:\Users\DELL\AppData\Local\Temp\xcAs8hg.\driver_tmp_9.o
                config                           300000   300000        E        0       4
                init                                  E        E        4        4       0
                reset_vec                             0        0        4        0       0
dist/default/debug\Project_One.debug.o
                intcode                               8        8        6        4       0
                config                           300000   300000        E        0       4
                temp                                 6E       6E        1        1       1
                smallconst                         1000     1000        8      800       0
                text32                             1836     1836       92      804       0
                text31                             1C22     1C22       72      804       0
                text30                             2024     2024        E      EFF       0
                text29                             2016     2016        E      EFF       0
                text28                             2008     2008        E      EFF       0
                text27                             1F3E     1F3E       2E      EFF       0
                text26                             1F10     1F10       2E      EFF       0
                text25                             1EE2     1EE2       2E      EFF       0
                intcode_body                       17A0     17A0       96      804       0
                text23                             1B38     1B38       76      804       0
                text22                             1AC2     1AC2       76      804       0
                text21                             1520     1520      134      804       0
                text20                             194A     194A       82      804       0
                text19                             12A0     12A0      144      804       0
                text18                             1EB2     1EB2       30      EFF       0
                text17                             1FC0     1FC0       2A      EFF       0
                text16                             1F96     1F96       2A      EFF       0
                text15                             1F6C     1F6C       2A      EFF       0
                text14                             1654     1654       B2      804       0
                text13                             1A4A     1A4A       78      804       0
                text12                             13E4     13E4      13C      804       0
                text11                             1BAE     1BAE       74      804       0
                text10                             1E40     1E40       42      EFF       0
                text9                              1C94     1C94       70      804       0
                text8                              19CC     19CC       7E      804       0
                text7                              1154     1154      14C      804       0
                text6                              1DFE     1DFE       42      EFF       0
                text5                              1706     1706       9A      804       0
                text4                              1008     1008      14C      804       0
                text3                              1FEA     1FEA       1E      EFF       0
                text2                              2032     2032        6      EFF       0
                text1                              18C8     18C8       82      804       0
                text0                              1D04     1D04       60      804       0
                cstackCOMRAM                         44       44       1D        1       1
                cstackBANK0                          B0       B0       11       80       1
                dataBANK0                            80       80       30       80       1
                dataCOMRAM                            1        1       43        1       1
                bssCOMRAM                            61       61        D        1       1
                cinit                              1D64     1D64       56      804       0
                idataBANK0                         1E82     1E82       30      EFF       0
                idataCOMRAM                        1DBA     1DBA       43      804       0

TOTAL           Name                               Link     Load   Length     Space
        CLASS   CODE           
                intcode                               8        8        6         0
                init                                  E        E        4         0
                reset_vec                             0        0        4         0
                text32                             1836     1836       92         0
                text31                             1C22     1C22       72         0
                text30                             2024     2024        E         0
                text29                             2016     2016        E         0
                text28                             2008     2008        E         0
                text27                             1F3E     1F3E       2E         0
                text26                             1F10     1F10       2E         0
                text25                             1EE2     1EE2       2E         0
                intcode_body                       17A0     17A0       96         0
                text23                             1B38     1B38       76         0
                text22                             1AC2     1AC2       76         0
                text21                             1520     1520      134         0
                text20                             194A     194A       82         0
                text19                             12A0     12A0      144         0
                text18                             1EB2     1EB2       30         0
                text17                             1FC0     1FC0       2A         0
                text16                             1F96     1F96       2A         0
                text15                             1F6C     1F6C       2A         0
                text14                             1654     1654       B2         0
                text13                             1A4A     1A4A       78         0
                text12                             13E4     13E4      13C         0
                text11                             1BAE     1BAE       74         0
                text10                             1E40     1E40       42         0
                text9                              1C94     1C94       70         0
                text8                              19CC     19CC       7E         0
                text7                              1154     1154      14C         0
                text6                              1DFE     1DFE       42         0
                text5                              1706     1706       9A         0
                text4                              1008     1008      14C         0
                text3                              1FEA     1FEA       1E         0
                text2                              2032     2032        6         0
                text1                              18C8     18C8       82         0
                text0                              1D04     1D04       60         0
                cinit                              1D64     1D64       56         0
                idataBANK0                         1E82     1E82       30         0
                idataCOMRAM                        1DBA     1DBA       43         0

        CLASS   CONST          

        CLASS   SMALLCONST     
                smallconst                         1000     1000        8         0

        CLASS   MEDIUMCONST    

        CLASS   COMRAM         
                temp                                 6E       6E        1         1
                cstackCOMRAM                         44       44       1D         1
                dataCOMRAM                            1        1       43         1
                bssCOMRAM                            61       61        D         1

        CLASS   ABS1           

        CLASS   BIGRAM         

        CLASS   RAM            

        CLASS   BANK0          
                cstackBANK0                          B0       B0       11         1
                dataBANK0                            80       80       30         1

        CLASS   BANK1          

        CLASS   BANK2          

        CLASS   BANK3          

        CLASS   BANK4          

        CLASS   BANK5          

        CLASS   BANK6          

        CLASS   BANK7          

        CLASS   BANK8          

        CLASS   BANK9          

        CLASS   BANK10         

        CLASS   BANK11         

        CLASS   BANK12         

        CLASS   BANK13         

        CLASS   BANK14         

        CLASS   BANK15         

        CLASS   SFR            

        CLASS   BIGSFR         

        CLASS   CONFIG         
                config                           300000   300000        E         4

        CLASS   IDLOC          

        CLASS   EEDATA         

        CLASS   FARRAM         

        CLASS   HEAP           

        CLASS   STACK          



SEGMENTS        Name                           Load    Length   Top    Selector   Space  Class

                reset_vec                      000000  000004  000004         0       0  CODE    
                dataCOMRAM                     000001  00006E  00006F         1       1  COMRAM  
                intcode                        000008  00000A  000012         4       0  CODE    
                dataBANK0                      000080  000041  0000C1        80       1  BANK0   
                smallconst                     001000  000008  001008       800       0  SMALLCON
                text4                          001008  000DF5  001DFD       804       0  CODE    
                text6                          001DFE  00023A  002038       EFF       0  CODE    


UNUSED ADDRESS RANGES

        Name                Unused          Largest block    Delta
        BANK0            0000C1-0000FF               3F
        BANK1            000100-0001FF              100
        BANK10           000A00-000AFF              100
        BANK11           000B00-000BFF              100
        BANK12           000C00-000CFF              100
        BANK13           000D00-000DFF              100
        BANK14           000E00-000EFF              100
        BANK15           000F00-000F7F               80
        BANK2            000200-0002FF              100
        BANK3            000300-0003FF              100
        BANK4            000400-0004FF              100
        BANK5            000500-0005FF              100
        BANK6            000600-0006FF              100
        BANK7            000700-0007FF              100
        BANK8            000800-0008FF              100
        BANK9            000900-0009FF              100
        BIGRAM           00006F-00007F               11
                         0000C1-000F7F              EBF
        BIGSFR           000F80-000FFF               80
        CODE             000004-000007                4
                         000012-000FFF              FEE
                         001DFD-001DFD                1
                         002038-00FFFF             DFC8
        COMRAM           00006F-00007F               11
        CONST            000004-000007                4
                         000012-000FFF              FEE
                         001DFD-001DFD                1
                         002038-00FFFF             DFC8
        EEDATA           F00000-F003FF              400
        IDLOC            200000-200007                8
        MEDIUMCONST      001DFD-001DFD                1
                         002038-00FFFF             DFC8
        RAM              0000C1-000F7F              100
        SFR              000F80-000FFF               80
        SMALLCONST       001DFD-001DFD                1
                         002038-00FFFF              100

                                  Symbol Table

Interrupt_INT0_SetHandular@Interrupt_Handular cstackCOMRAM 000055
Interrupt_INT0_SetHandular@ret                cstackCOMRAM 000057
Interrupt_INT1_SetHandular@Interrupt_Handular cstackCOMRAM 000055
Interrupt_INT1_SetHandular@ret                cstackCOMRAM 000057
Interrupt_INT2_SetHandular@Interrupt_Handular cstackCOMRAM 000055
Interrupt_INT2_SetHandular@ret                cstackCOMRAM 000057
Interrupt_INTx_Clear_Flag@int_obj             cstackCOMRAM 000055
Interrupt_INTx_Clear_Flag@ret                 cstackCOMRAM 000059
Interrupt_INTx_Disable@int_obj                cstackCOMRAM 000055
Interrupt_INTx_Disable@ret                    cstackCOMRAM 000059
Interrupt_INTx_Edge_Init@int_obj              cstackCOMRAM 000055
Interrupt_INTx_Edge_Init@ret                  cstackCOMRAM 000059
Interrupt_INTx_Enable@int_obj                 cstackCOMRAM 000055
Interrupt_INTx_Enable@ret                     cstackCOMRAM 000059
Interrupt_INTx_Initialization@int_obj         cstackBANK0  0000B0
Interrupt_INTx_Initialization@ret             cstackBANK0  0000B2
Interrupt_INTx_Pin_Init@int_obj               cstackCOMRAM 00005E
Interrupt_INTx_Pin_Init@ret                   cstackCOMRAM 000060
Interrupt_INTx_SetHandular@int_obj            cstackCOMRAM 000058
Interrupt_INTx_SetHandular@ret                cstackCOMRAM 00005C
Relay_Initialize@F3042                        bssCOMRAM    000069
Relay_Turn_OFF@F3052                          bssCOMRAM    000067
Relay_Turn_ON@F3047                           bssCOMRAM    000068
_ECU_Layer_initialize                         text3        001FEA
_INT0_ISR                                     text27       001F3E
_INT0_Interrupt_Handular                      bssCOMRAM    000065
_INT0_obj                                     dataCOMRAM   000035
_INT1_ISR                                     text26       001F10
_INT1_Interrupt_Handular                      bssCOMRAM    000063
_INT1_obj                                     dataCOMRAM   00002F
_INT2_ISR                                     text25       001EE2
_INT2_Interrupt_Handular                      bssCOMRAM    000061
_INT2_obj                                     dataCOMRAM   000029
_INTCON2bits                                  (abs)        000FF1
_INTCON3bits                                  (abs)        000FF0
_INTCONbits                                   (abs)        000FF2
_Int0_ISR                                     text29       002016
_Int1_ISR                                     text28       002008
_Int2_ISR                                     text30       002024
_Interrupt_INT0_SetHandular                   text17       001FC0
_Interrupt_INT1_SetHandular                   text16       001F96
_Interrupt_INT2_SetHandular                   text15       001F6C
_Interrupt_INTx_Clear_Flag                    text23       001B38
_Interrupt_INTx_Disable                       text22       001AC2
_Interrupt_INTx_Edge_Init                     text21       001520
_Interrupt_INTx_Enable                        text20       00194A
_Interrupt_INTx_Initialization                text13       001A4A
_Interrupt_INTx_Pin_Init                      text18       001EB2
_Interrupt_INTx_SetHandular                   text14       001654
_Interrupt_Manager_High                       intcode      000008
_LATA                                         (abs)        000F89
_LATB                                         (abs)        000F8A
_LATC                                         (abs)        000F8B
_LATD                                         (abs)        000F8C
_LATE                                         (abs)        000F8D
_PORTA                                        (abs)        000F80
_PORTB                                        (abs)        000F81
_PORTC                                        (abs)        000F82
_PORTD                                        (abs)        000F83
_PORTE                                        (abs)        000F84
_TRISA                                        (abs)        000F92
_TRISB                                        (abs)        000F93
_TRISC                                        (abs)        000F94
_TRISD                                        (abs)        000F95
_TRISE                                        (abs)        000F96
__HRAM                                        (abs)        000000
__H__absolute__                               __absolute__ 000000
__Habs1                                       abs1         000000
__Hbank0                                      bank0        000000
__Hbank1                                      bank1        000000
__Hbank10                                     bank10       000000
__Hbank11                                     bank11       000000
__Hbank12                                     bank12       000000
__Hbank13                                     bank13       000000
__Hbank14                                     bank14       000000
__Hbank15                                     bank15       000000
__Hbank2                                      bank2        000000
__Hbank3                                      bank3        000000
__Hbank4                                      bank4        000000
__Hbank5                                      bank5        000000
__Hbank6                                      bank6        000000
__Hbank7                                      bank7        000000
__Hbank8                                      bank8        000000
__Hbank9                                      bank9        000000
__Hbigbss                                     bigbss       000000
__Hbigdata                                    bigdata      000000
__Hbigram                                     bigram       000000
__Hbigsfr                                     bigsfr       000000
__Hbss                                        bss          000000
__HbssCOMRAM                                  bssCOMRAM    000000
__Hcinit                                      cinit        000000
__Hclrtext                                    clrtext      000000
__Hcomram                                     comram       000000
__Hconfig                                     config       30000E
__Hconst                                      const        000000
__HcstackBANK0                                cstackBANK0  000000
__HcstackCOMRAM                               cstackCOMRAM 000000
__Hdata                                       data         000000
__HdataBANK0                                  dataBANK0    000000
__HdataCOMRAM                                 dataCOMRAM   000000
__Heeprom_data                                eeprom_data  000000
__Hfarbss                                     farbss       000000
__Hfardata                                    fardata      000000
__Hheap                                       heap         000000
__Hibigdata                                   ibigdata     000000
__Hidata                                      idata        000000
__HidataBANK0                                 idataBANK0   000000
__HidataCOMRAM                                idataCOMRAM  000000
__Hidloc                                      idloc        000000
__Hifardata                                   ifardata     000000
__Hinit                                       init         000012
__Hintcode                                    intcode      00000E
__Hintcode_body                               intcode_body 000000
__Hintcodelo                                  intcodelo    00000E
__Hintentry                                   intentry     000000
__Hintret                                     intret       000000
__Hintsave_regs                               intsave_regs 000000
__Hirdata                                     irdata       000000
__Hmediumconst                                mediumconst  000000
__HnvFARRAM                                   nvFARRAM     000000
__Hnvbit                                      nvbit        000000
__Hnvrram                                     nvrram       000000
__Hparam                                      rparam       000000
__Hpowerup                                    powerup      00000E
__Hram                                        ram          000000
__Hramtop                                     ramtop       001000
__Hrbit                                       rbit         000000
__Hrbss                                       rbss         000000
__Hrdata                                      rdata        000000
__Hreset_vec                                  reset_vec    000004
__Hrparam                                     rparam       000000
__Hsfr                                        sfr          000000
__Hsmallconst                                 smallconst   001008
__Hspace_0                                    (abs)        002038
__Hspace_1                                    (abs)        0000C1
__Hspace_2                                    (abs)        000000
__Hspace_4                                    (abs)        60000E
__Hstack                                      stack        000000
__Hstruct                                     struct       000000
__Htemp                                       temp         00006F
__Htext                                       text         000000
__Htext0                                      text0        000000
__Htext1                                      text1        000000
__Htext10                                     text10       000000
__Htext11                                     text11       000000
__Htext12                                     text12       000000
__Htext13                                     text13       000000
__Htext14                                     text14       000000
__Htext15                                     text15       000000
__Htext16                                     text16       000000
__Htext17                                     text17       000000
__Htext18                                     text18       000000
__Htext19                                     text19       000000
__Htext2                                      text2        000000
__Htext20                                     text20       000000
__Htext21                                     text21       000000
__Htext22                                     text22       000000
__Htext23                                     text23       000000
__Htext25                                     text25       000000
__Htext26                                     text26       000000
__Htext27                                     text27       000000
__Htext28                                     text28       000000
__Htext29                                     text29       000000
__Htext3                                      text3        000000
__Htext30                                     text30       000000
__Htext31                                     text31       000000
__Htext32                                     text32       000000
__Htext33                                     text33       000000
__Htext4                                      text4        000000
__Htext5                                      text5        000000
__Htext6                                      text6        000000
__Htext7                                      text7        000000
__Htext8                                      text8        000000
__Htext9                                      text9        000000
__LRAM                                        (abs)        000001
__L__absolute__                               __absolute__ 000000
__Labs1                                       abs1         000000
__Lbank0                                      bank0        000000
__Lbank1                                      bank1        000000
__Lbank10                                     bank10       000000
__Lbank11                                     bank11       000000
__Lbank12                                     bank12       000000
__Lbank13                                     bank13       000000
__Lbank14                                     bank14       000000
__Lbank15                                     bank15       000000
__Lbank2                                      bank2        000000
__Lbank3                                      bank3        000000
__Lbank4                                      bank4        000000
__Lbank5                                      bank5        000000
__Lbank6                                      bank6        000000
__Lbank7                                      bank7        000000
__Lbank8                                      bank8        000000
__Lbank9                                      bank9        000000
__Lbigbss                                     bigbss       000000
__Lbigdata                                    bigdata      000000
__Lbigram                                     bigram       000000
__Lbigsfr                                     bigsfr       000000
__Lbss                                        bss          000000
__LbssCOMRAM                                  bssCOMRAM    000000
__Lcinit                                      cinit        000000
__Lclrtext                                    clrtext      000000
__Lcomram                                     comram       000000
__Lconfig                                     config       000000
__Lconst                                      const        000000
__LcstackBANK0                                cstackBANK0  000000
__LcstackCOMRAM                               cstackCOMRAM 000000
__Ldata                                       data         000000
__LdataBANK0                                  dataBANK0    000000
__LdataCOMRAM                                 dataCOMRAM   000000
__Leeprom_data                                eeprom_data  000000
__Lfarbss                                     farbss       000000
__Lfardata                                    fardata      000000
__Lheap                                       heap         000000
__Libigdata                                   ibigdata     000000
__Lidata                                      idata        000000
__LidataBANK0                                 idataBANK0   000000
__LidataCOMRAM                                idataCOMRAM  000000
__Lidloc                                      idloc        000000
__Lifardata                                   ifardata     000000
__Linit                                       init         00000E
__Lintcode                                    intcode      000008
__Lintcode_body                               intcode_body 000000
__Lintcodelo                                  intcodelo    00000E
__Lintentry                                   intentry     000000
__Lintret                                     intret       000000
__Lintsave_regs                               intsave_regs 000000
__Lirdata                                     irdata       000000
__Lmediumconst                                mediumconst  000000
__LnvFARRAM                                   nvFARRAM     000000
__Lnvbit                                      nvbit        000000
__Lnvrram                                     nvrram       000000
__Lparam                                      rparam       000000
__Lpowerup                                    powerup      00000E
__Lram                                        ram          000000
__Lramtop                                     ramtop       001000
__Lrbit                                       rbit         000000
__Lrbss                                       rbss         000000
__Lrdata                                      rdata        000000
__Lreset_vec                                  reset_vec    000000
__Lrparam                                     rparam       000000
__Lsfr                                        sfr          000000
__Lsmallconst                                 smallconst   001000
__Lspace_0                                    (abs)        000000
__Lspace_1                                    (abs)        000000
__Lspace_2                                    (abs)        000000
__Lspace_4                                    (abs)        000000
__Lstack                                      stack        000000
__Lstruct                                     struct       000000
__Ltemp                                       temp         00006E
__Ltext                                       text         000000
__Ltext0                                      text0        000000
__Ltext1                                      text1        000000
__Ltext10                                     text10       000000
__Ltext11                                     text11       000000
__Ltext12                                     text12       000000
__Ltext13                                     text13       000000
__Ltext14                                     text14       000000
__Ltext15                                     text15       000000
__Ltext16                                     text16       000000
__Ltext17                                     text17       000000
__Ltext18                                     text18       000000
__Ltext19                                     text19       000000
__Ltext2                                      text2        000000
__Ltext20                                     text20       000000
__Ltext21                                     text21       000000
__Ltext22                                     text22       000000
__Ltext23                                     text23       000000
__Ltext25                                     text25       000000
__Ltext26                                     text26       000000
__Ltext27                                     text27       000000
__Ltext28                                     text28       000000
__Ltext29                                     text29       000000
__Ltext3                                      text3        000000
__Ltext30                                     text30       000000
__Ltext31                                     text31       000000
__Ltext32                                     text32       000000
__Ltext33                                     text33       000000
__Ltext4                                      text4        000000
__Ltext5                                      text5        000000
__Ltext6                                      text6        000000
__Ltext7                                      text7        000000
__Ltext8                                      text8        000000
__Ltext9                                      text9        000000
__S0                                          (abs)        002038
__S1                                          (abs)        0000C1
__S4                                          (abs)        000000
__S5                                          (abs)        000000
___heap_hi                                    (abs)        000000
___heap_lo                                    (abs)        000000
___inthi_sp                                   stack        000000
___intlo_sp                                   stack        000000
___param_bank                                 (abs)        000000
___rparam_used                                (abs)        000001
___sp                                         stack        000000
__accesstop                                   (abs)        000080
__activetblptr                                (abs)        000003
__end_of_ECU_Layer_initialize                 text3        002008
__end_of_INT0_ISR                             text27       001F6C
__end_of_INT1_ISR                             text26       001F3E
__end_of_INT2_ISR                             text25       001F10
__end_of_Int0_ISR                             text29       002024
__end_of_Int1_ISR                             text28       002016
__end_of_Int2_ISR                             text30       002032
__end_of_Interrupt_INT0_SetHandular           text17       001FEA
__end_of_Interrupt_INT1_SetHandular           text16       001FC0
__end_of_Interrupt_INT2_SetHandular           text15       001F96
__end_of_Interrupt_INTx_Clear_Flag            text23       001BAE
__end_of_Interrupt_INTx_Disable               text22       001B38
__end_of_Interrupt_INTx_Edge_Init             text21       001654
__end_of_Interrupt_INTx_Enable                text20       0019CC
__end_of_Interrupt_INTx_Initialization        text13       001AC2
__end_of_Interrupt_INTx_Pin_Init              text18       001EE2
__end_of_Interrupt_INTx_SetHandular           text14       001706
__end_of_Interrupt_Manager_High               intcode_body 001836
__end_of__initialization                      cinit        001DB0
__end_of_application_initialize               text2        002038
__end_of_gpio_pin_direction_intialize         text19       0013E4
__end_of_gpio_pin_intialize                   text11       001C22
__end_of_gpio_pin_toggle_logic                text32       0018C8
__end_of_gpio_pin_write_logic                 text12       001520
__end_of_lcd_4_bit_initialize                 text7        0012A0
__end_of_lcd_4_bit_send_command               text8        001A4A
__end_of_lcd_4bit_send_enable_signal          text10       001E82
__end_of_lcd_8_bit_initialize                 text4        001154
__end_of_lcd_8_bit_send_command               text5        0017A0
__end_of_lcd_8bit_send_enable_signal          text6        001E40
__end_of_led_initialize                       text1        00194A
__end_of_led_toggle                           text31       001C94
__end_of_main                                 text0        001D64
__end_of_send_4bit_data                       text9        001D04
__initialization                              cinit        001D64
__mediumconst                                 mediumconst  000000
__pbssCOMRAM                                  bssCOMRAM    000061
__pcinit                                      cinit        001D64
__pcstackBANK0                                cstackBANK0  0000B0
__pcstackCOMRAM                               cstackCOMRAM 000044
__pdataBANK0                                  dataBANK0    000080
__pdataCOMRAM                                 dataCOMRAM   000001
__pidataBANK0                                 idataBANK0   001E82
__pidataCOMRAM                                idataCOMRAM  001DBA
__pintcode                                    intcode      000008
__pintcode_body                               intcode_body 0017A0
__psmallconst                                 smallconst   001000
__ptext0                                      text0        001D04
__ptext1                                      text1        0018C8
__ptext10                                     text10       001E40
__ptext11                                     text11       001BAE
__ptext12                                     text12       0013E4
__ptext13                                     text13       001A4A
__ptext14                                     text14       001654
__ptext15                                     text15       001F6C
__ptext16                                     text16       001F96
__ptext17                                     text17       001FC0
__ptext18                                     text18       001EB2
__ptext19                                     text19       0012A0
__ptext2                                      text2        002032
__ptext20                                     text20       00194A
__ptext21                                     text21       001520
__ptext22                                     text22       001AC2
__ptext23                                     text23       001B38
__ptext25                                     text25       001EE2
__ptext26                                     text26       001F10
__ptext27                                     text27       001F3E
__ptext28                                     text28       002008
__ptext29                                     text29       002016
__ptext3                                      text3        001FEA
__ptext30                                     text30       002024
__ptext31                                     text31       001C22
__ptext32                                     text32       001836
__ptext33                                     text33       000000
__ptext4                                      text4        001008
__ptext5                                      text5        001706
__ptext6                                      text6        001DFE
__ptext7                                      text7        001154
__ptext8                                      text8        0019CC
__ptext9                                      text9        001C94
__ramtop                                      ramtop       001000
__smallconst                                  smallconst   001000
_application_initialize                       text2        002032
_gpio_pin_direction_intialize                 text19       0012A0
_gpio_pin_intialize                           text11       001BAE
_gpio_pin_toggle_logic                        text32       001836
_gpio_pin_write_logic                         text12       0013E4
_keypad_btn_values                            dataBANK0    000080
_lat_registers                                dataCOMRAM   00000B
_lcd_1                                        dataCOMRAM   00003B
_lcd_2                                        dataCOMRAM   00001F
_lcd_4_bit_initialize                         text7        001154
_lcd_4_bit_send_command                       text8        0019CC
_lcd_4bit_send_enable_signal                  text10       001E40
_lcd_8_bit_initialize                         text4        001008
_lcd_8_bit_send_command                       text5        001706
_lcd_8bit_send_enable_signal                  text6        001DFE
_led1                                         dataCOMRAM   000043
_led2                                         dataCOMRAM   000042
_led3                                         dataCOMRAM   000041
_led_initialize                               text1        0018C8
_led_toggle                                   text31       001C22
_main                                         text0        001D04
_port_registers                               dataCOMRAM   000001
_send_4bit_data                               text9        001C94
_tris_registers                               dataCOMRAM   000015
btemp                                         temp         00006E
end_of_initialization                         cinit        001DB0
gpio_pin_direction_intialize@pin_config       cstackCOMRAM 000055
gpio_pin_direction_intialize@ret              cstackCOMRAM 00005D
gpio_pin_intialize@pin_config                 cstackCOMRAM 00005F
gpio_pin_intialize@ret                        cstackBANK0  0000B1
gpio_pin_toggle_logic@pin_config              cstackCOMRAM 000044
gpio_pin_write_logic@logic                    cstackCOMRAM 000057
gpio_pin_write_logic@pin_config               cstackCOMRAM 000055
gpio_pin_write_logic@ret                      cstackCOMRAM 00005E
int$flags                                     temp         00006E
int_func                                      intcode_body 0017A0
intlevel0                                     text         000000
intlevel1                                     text         000000
intlevel2                                     text         000000
intlevel3                                     text         000000
isa$std                                       (abs)        000001
isa$xinst                                     (abs)        000000
lcd_4_bit_initialize@l_data_counter           cstackBANK0  0000BB
lcd_4_bit_initialize@lcd                      cstackBANK0  0000B7
lcd_4_bit_initialize@ret                      cstackBANK0  0000BC
lcd_4_bit_send_command@command                cstackBANK0  0000B5
lcd_4_bit_send_command@lcd                    cstackBANK0  0000B3
lcd_4_bit_send_command@ret                    cstackBANK0  0000B6
lcd_4bit_send_enable_signal@lcd               cstackCOMRAM 00005F
lcd_4bit_send_enable_signal@ret               cstackBANK0  0000B1
lcd_8_bit_initialize@l_data_counter           cstackBANK0  0000BF
lcd_8_bit_initialize@lcd                      cstackBANK0  0000BB
lcd_8_bit_initialize@ret                      cstackBANK0  0000C0
lcd_8_bit_send_command@command                cstackBANK0  0000B4
lcd_8_bit_send_command@l_command_counter      cstackBANK0  0000BA
lcd_8_bit_send_command@lcd                    cstackBANK0  0000B2
lcd_8_bit_send_command@ret                    cstackBANK0  0000B9
lcd_8bit_send_enable_signal@lcd               cstackCOMRAM 00005F
lcd_8bit_send_enable_signal@ret               cstackBANK0  0000B1
led_initialize@F3048                          bssCOMRAM    00006D
led_initialize@led                            cstackBANK0  0000B2
led_initialize@pin_obj                        cstackBANK0  0000B6
led_initialize@ret                            cstackBANK0  0000B5
led_toggle@F3063                              bssCOMRAM    00006A
led_toggle@led                                cstackCOMRAM 00004B
led_toggle@pin_obj                            cstackCOMRAM 00004E
led_turn_off@F3058                            bssCOMRAM    00006B
led_turn_on@F3053                             bssCOMRAM    00006C
send_4bit_data@command                        cstackBANK0  0000B2
send_4bit_data@lcd                            cstackBANK0  0000B0
send_4bit_data@ret                            cstackCOMRAM 00005F
stackhi                                       (abs)        000000
stacklo                                       (abs)        000000
start                                         init         00000E
start_initialization                          cinit        001D64
ttemp5                                        temp         00006F
ttemp6                                        temp         000072
ttemp7                                        temp         000076
wtemp8                                        temp         00006F


MODULE INFORMATION

Module		Function		Class		Link	Load	Size
MCAL_Layer/interrupt/mcal_external_interrupt.c
		_Interrupt_INTx_SetHandular		CODE           	1654	0000	178
		_Interrupt_INTx_Clear_Flag		CODE           	1B38	0000	118
		_Interrupt_INTx_Enable		CODE           	194A	0000	130
		_Interrupt_INTx_Edge_Init		CODE           	1520	0000	308
		_Interrupt_INTx_Disable		CODE           	1AC2	0000	118
		_Interrupt_INTx_Initialization		CODE           	1A4A	0000	120
		_INT0_ISR      		CODE           	1F3E	0000	46
		_Interrupt_INTx_Pin_Init		CODE           	1EB2	0000	48
		_INT1_ISR      		CODE           	1F10	0000	46
		_Interrupt_INT0_SetHandular		CODE           	1FC0	0000	42
		_Interrupt_INT1_SetHandular		CODE           	1F96	0000	42
		_Interrupt_INT2_SetHandular		CODE           	1F6C	0000	42
		_INT2_ISR      		CODE           	1EE2	0000	46

MCAL_Layer/interrupt/mcal_external_interrupt.c estimated size: 1284

ECU_Layer/LCD/ecu_LCD.c
		_lcd_8_bit_initialize		CODE           	1008	0000	332
		_lcd_8bit_send_enable_signal		CODE           	1DFE	0000	66
		_lcd_4_bit_initialize		CODE           	1154	0000	332
		_lcd_4bit_send_enable_signal		CODE           	1E40	0000	66
		_lcd_8_bit_send_command		CODE           	1706	0000	154
		_send_4bit_data		CODE           	1C94	0000	112
		_lcd_4_bit_send_command		CODE           	19CC	0000	126

ECU_Layer/LCD/ecu_LCD.c estimated size: 1188

shared
		__initialization		CODE           	1D64	0000	76

shared estimated size: 76

ECU_Layer/ecu_init.c
		_ECU_Layer_initialize		CODE           	1FEA	0000	30

ECU_Layer/ecu_init.c estimated size: 30

MCAL_Layer/GPIO/hal_gpio.c
		_gpio_pin_write_logic		CODE           	13E4	0000	316
		_gpio_pin_intialize		CODE           	1BAE	0000	116
		_gpio_pin_direction_intialize		CODE           	12A0	0000	324
		_gpio_pin_toggle_logic		CODE           	1836	0000	146

MCAL_Layer/GPIO/hal_gpio.c estimated size: 902

ECU_Layer/LED/ecu_led.c
		_led_initialize		CODE           	18C8	0000	130
		_led_toggle    		CODE           	1C22	0000	114

ECU_Layer/LED/ecu_led.c estimated size: 244

application.c
		_Int2_ISR      		CODE           	2024	0000	14
		_application_initialize		CODE           	2032	0000	6
		_main          		CODE           	1D04	0000	96
		_Int0_ISR      		CODE           	2016	0000	14
		_Int1_ISR      		CODE           	2008	0000	14

application.c estimated size: 144

MCAL_Layer/interrupt/mcal_interrupt_manager.c
		_Interrupt_Manager_High		CODE           	0008	0000	156

MCAL_Layer/interrupt/mcal_interrupt_manager.c estimated size: 156

